--------------------------------------------------------------------------------
Release 14.7 Trace  (lin64)
Copyright (c) 1995-2013 Xilinx, Inc.  All rights reserved.

/opt/Xilinx/14.7/ISE_DS/ISE/bin/lin64/unwrapped/trce -intstyle ise -v 3 -s 3 -n
3 -fastpaths -xml alu.twx alu.ncd -o alu.twr alu.pcf

Design file:              alu.ncd
Physical constraint file: alu.pcf
Device,package,speed:     xc7a100t,csg324,C,-3 (PRODUCTION 1.10 2013-10-13)
Report level:             verbose report

Environment Variable      Effect 
--------------------      ------ 
NONE                      No environment variables were set
--------------------------------------------------------------------------------

INFO:Timing:2698 - No timing constraints found, doing default enumeration.
INFO:Timing:3412 - To improve timing, see the Timing Closure User Guide (UG612).
INFO:Timing:2752 - To get complete path coverage, use the unconstrained paths 
   option. All paths that are not constrained will be reported in the 
   unconstrained paths section(s) of the report.
INFO:Timing:3339 - The clock-to-out numbers in this timing report are based on 
   a 50 Ohm transmission line loading model.  For the details of this model, 
   and for more information on accounting for different loading conditions, 
   please see the device datasheet.



Data Sheet report:
-----------------
All values displayed in nanoseconds (ns)

Pad to Pad
---------------+---------------+---------+
Source Pad     |Destination Pad|  Delay  |
---------------+---------------+---------+
A<0>           |ALU_out<0>     |    9.394|
A<0>           |ALU_out<1>     |    9.432|
A<0>           |ALU_out<2>     |    9.937|
A<0>           |ALU_out<3>     |    9.557|
A<0>           |ALU_out<4>     |    9.517|
A<0>           |ALU_out<5>     |    9.183|
A<0>           |ALU_out<6>     |    9.501|
A<0>           |ALU_out<7>     |    9.652|
A<0>           |ALU_out<8>     |    9.606|
A<0>           |ALU_out<9>     |    9.269|
A<0>           |ALU_out<10>    |    9.465|
A<0>           |ALU_out<11>    |    9.638|
A<0>           |ALU_out<12>    |    9.694|
A<0>           |ALU_out<13>    |   10.087|
A<0>           |ALU_out<14>    |    9.741|
A<0>           |ALU_out<15>    |    9.866|
A<0>           |ALU_out<16>    |    9.866|
A<0>           |ALU_out<17>    |    9.528|
A<0>           |ALU_out<18>    |    9.449|
A<0>           |ALU_out<19>    |    9.900|
A<0>           |ALU_out<20>    |    9.953|
A<0>           |ALU_out<21>    |   10.425|
A<0>           |ALU_out<22>    |   10.202|
A<0>           |ALU_out<23>    |   10.856|
A<0>           |ALU_out<24>    |   10.535|
A<0>           |ALU_out<25>    |   10.757|
A<0>           |ALU_out<26>    |   10.305|
A<0>           |ALU_out<27>    |   10.890|
A<0>           |ALU_out<28>    |   10.449|
A<0>           |ALU_out<29>    |   10.359|
A<0>           |ALU_out<30>    |   10.430|
A<0>           |ALU_out<31>    |   10.739|
A<0>           |zero           |   12.073|
A<1>           |ALU_out<0>     |    8.698|
A<1>           |ALU_out<1>     |    9.871|
A<1>           |ALU_out<2>     |   10.457|
A<1>           |ALU_out<3>     |   10.077|
A<1>           |ALU_out<4>     |   10.110|
A<1>           |ALU_out<5>     |    9.749|
A<1>           |ALU_out<6>     |   10.094|
A<1>           |ALU_out<7>     |   10.164|
A<1>           |ALU_out<8>     |   10.118|
A<1>           |ALU_out<9>     |    9.862|
A<1>           |ALU_out<10>    |   10.044|
A<1>           |ALU_out<11>    |   10.150|
A<1>           |ALU_out<12>    |   10.287|
A<1>           |ALU_out<13>    |   10.599|
A<1>           |ALU_out<14>    |   10.334|
A<1>           |ALU_out<15>    |   10.378|
A<1>           |ALU_out<16>    |   10.378|
A<1>           |ALU_out<17>    |   10.103|
A<1>           |ALU_out<18>    |    9.961|
A<1>           |ALU_out<19>    |   10.493|
A<1>           |ALU_out<20>    |   10.465|
A<1>           |ALU_out<21>    |   11.018|
A<1>           |ALU_out<22>    |   10.731|
A<1>           |ALU_out<23>    |   11.368|
A<1>           |ALU_out<24>    |   11.128|
A<1>           |ALU_out<25>    |   11.350|
A<1>           |ALU_out<26>    |   10.817|
A<1>           |ALU_out<27>    |   11.402|
A<1>           |ALU_out<28>    |   10.961|
A<1>           |ALU_out<29>    |   10.871|
A<1>           |ALU_out<30>    |   10.942|
A<1>           |ALU_out<31>    |   11.251|
A<1>           |zero           |   12.593|
A<2>           |ALU_out<1>     |    8.925|
A<2>           |ALU_out<2>     |    9.963|
A<2>           |ALU_out<3>     |    9.674|
A<2>           |ALU_out<4>     |    9.974|
A<2>           |ALU_out<5>     |    9.613|
A<2>           |ALU_out<6>     |    9.958|
A<2>           |ALU_out<7>     |    9.777|
A<2>           |ALU_out<8>     |    9.731|
A<2>           |ALU_out<9>     |    9.726|
A<2>           |ALU_out<10>    |    9.908|
A<2>           |ALU_out<11>    |    9.763|
A<2>           |ALU_out<12>    |   10.151|
A<2>           |ALU_out<13>    |   10.212|
A<2>           |ALU_out<14>    |   10.198|
A<2>           |ALU_out<15>    |   10.092|
A<2>           |ALU_out<16>    |   10.030|
A<2>           |ALU_out<17>    |    9.967|
A<2>           |ALU_out<18>    |    9.770|
A<2>           |ALU_out<19>    |   10.357|
A<2>           |ALU_out<20>    |   10.078|
A<2>           |ALU_out<21>    |   10.882|
A<2>           |ALU_out<22>    |   10.595|
A<2>           |ALU_out<23>    |   11.160|
A<2>           |ALU_out<24>    |   10.992|
A<2>           |ALU_out<25>    |   11.214|
A<2>           |ALU_out<26>    |   10.506|
A<2>           |ALU_out<27>    |   11.015|
A<2>           |ALU_out<28>    |   10.794|
A<2>           |ALU_out<29>    |   10.484|
A<2>           |ALU_out<30>    |   10.666|
A<2>           |ALU_out<31>    |   10.864|
A<2>           |zero           |   12.450|
A<3>           |ALU_out<2>     |    8.825|
A<3>           |ALU_out<3>     |    9.685|
A<3>           |ALU_out<4>     |   10.027|
A<3>           |ALU_out<5>     |    9.666|
A<3>           |ALU_out<6>     |   10.011|
A<3>           |ALU_out<7>     |    9.949|
A<3>           |ALU_out<8>     |    9.903|
A<3>           |ALU_out<9>     |    9.779|
A<3>           |ALU_out<10>    |    9.961|
A<3>           |ALU_out<11>    |    9.935|
A<3>           |ALU_out<12>    |   10.204|
A<3>           |ALU_out<13>    |   10.384|
A<3>           |ALU_out<14>    |   10.251|
A<3>           |ALU_out<15>    |   10.163|
A<3>           |ALU_out<16>    |   10.163|
A<3>           |ALU_out<17>    |   10.020|
A<3>           |ALU_out<18>    |    9.823|
A<3>           |ALU_out<19>    |   10.410|
A<3>           |ALU_out<20>    |   10.250|
A<3>           |ALU_out<21>    |   10.935|
A<3>           |ALU_out<22>    |   10.648|
A<3>           |ALU_out<23>    |   11.213|
A<3>           |ALU_out<24>    |   11.045|
A<3>           |ALU_out<25>    |   11.267|
A<3>           |ALU_out<26>    |   10.602|
A<3>           |ALU_out<27>    |   11.187|
A<3>           |ALU_out<28>    |   10.847|
A<3>           |ALU_out<29>    |   10.656|
A<3>           |ALU_out<30>    |   10.727|
A<3>           |ALU_out<31>    |   11.036|
A<3>           |zero           |   12.503|
A<4>           |ALU_out<3>     |    8.871|
A<4>           |ALU_out<4>     |    9.921|
A<4>           |ALU_out<5>     |    9.605|
A<4>           |ALU_out<6>     |   10.103|
A<4>           |ALU_out<7>     |    9.682|
A<4>           |ALU_out<8>     |    9.799|
A<4>           |ALU_out<9>     |    9.951|
A<4>           |ALU_out<10>    |   10.133|
A<4>           |ALU_out<11>    |    9.946|
A<4>           |ALU_out<12>    |   10.376|
A<4>           |ALU_out<13>    |   10.125|
A<4>           |ALU_out<14>    |   10.423|
A<4>           |ALU_out<15>    |   10.317|
A<4>           |ALU_out<16>    |   10.255|
A<4>           |ALU_out<17>    |   10.192|
A<4>           |ALU_out<18>    |    9.995|
A<4>           |ALU_out<19>    |   10.582|
A<4>           |ALU_out<20>    |   10.018|
A<4>           |ALU_out<21>    |   11.107|
A<4>           |ALU_out<22>    |   10.820|
A<4>           |ALU_out<23>    |   11.385|
A<4>           |ALU_out<24>    |   11.217|
A<4>           |ALU_out<25>    |   11.439|
A<4>           |ALU_out<26>    |   10.731|
A<4>           |ALU_out<27>    |   11.089|
A<4>           |ALU_out<28>    |   11.019|
A<4>           |ALU_out<29>    |   10.618|
A<4>           |ALU_out<30>    |   10.891|
A<4>           |ALU_out<31>    |   10.896|
A<4>           |zero           |   12.675|
A<5>           |ALU_out<4>     |    8.088|
A<5>           |ALU_out<5>     |    9.125|
A<5>           |ALU_out<6>     |    9.706|
A<5>           |ALU_out<7>     |    9.898|
A<5>           |ALU_out<8>     |    9.932|
A<5>           |ALU_out<9>     |    9.570|
A<5>           |ALU_out<10>    |    9.791|
A<5>           |ALU_out<11>    |    9.964|
A<5>           |ALU_out<12>    |    9.971|
A<5>           |ALU_out<13>    |   10.413|
A<5>           |ALU_out<14>    |   10.018|
A<5>           |ALU_out<15>    |   10.192|
A<5>           |ALU_out<16>    |   10.192|
A<5>           |ALU_out<17>    |    9.854|
A<5>           |ALU_out<18>    |    9.775|
A<5>           |ALU_out<19>    |   10.177|
A<5>           |ALU_out<20>    |   10.279|
A<5>           |ALU_out<21>    |   10.702|
A<5>           |ALU_out<22>    |   10.528|
A<5>           |ALU_out<23>    |   11.182|
A<5>           |ALU_out<24>    |   10.846|
A<5>           |ALU_out<25>    |   11.034|
A<5>           |ALU_out<26>    |   10.631|
A<5>           |ALU_out<27>    |   11.216|
A<5>           |ALU_out<28>    |   10.775|
A<5>           |ALU_out<29>    |   10.685|
A<5>           |ALU_out<30>    |   10.756|
A<5>           |ALU_out<31>    |   11.065|
A<5>           |zero           |   12.270|
A<6>           |ALU_out<5>     |    8.188|
A<6>           |ALU_out<6>     |    9.128|
A<6>           |ALU_out<7>     |    9.268|
A<6>           |ALU_out<8>     |    9.401|
A<6>           |ALU_out<9>     |    9.100|
A<6>           |ALU_out<10>    |    9.282|
A<6>           |ALU_out<11>    |    9.433|
A<6>           |ALU_out<12>    |    9.525|
A<6>           |ALU_out<13>    |    9.882|
A<6>           |ALU_out<14>    |    9.572|
A<6>           |ALU_out<15>    |    9.661|
A<6>           |ALU_out<16>    |    9.661|
A<6>           |ALU_out<17>    |    9.341|
A<6>           |ALU_out<18>    |    9.244|
A<6>           |ALU_out<19>    |    9.731|
A<6>           |ALU_out<20>    |    9.748|
A<6>           |ALU_out<21>    |   10.256|
A<6>           |ALU_out<22>    |    9.997|
A<6>           |ALU_out<23>    |   10.651|
A<6>           |ALU_out<24>    |   10.366|
A<6>           |ALU_out<25>    |   10.588|
A<6>           |ALU_out<26>    |   10.100|
A<6>           |ALU_out<27>    |   10.685|
A<6>           |ALU_out<28>    |   10.244|
A<6>           |ALU_out<29>    |   10.154|
A<6>           |ALU_out<30>    |   10.225|
A<6>           |ALU_out<31>    |   10.534|
A<6>           |zero           |   11.824|
A<7>           |ALU_out<6>     |    7.900|
A<7>           |ALU_out<7>     |    8.885|
A<7>           |ALU_out<8>     |    9.104|
A<7>           |ALU_out<9>     |    9.240|
A<7>           |ALU_out<10>    |    9.422|
A<7>           |ALU_out<11>    |    9.235|
A<7>           |ALU_out<12>    |    9.665|
A<7>           |ALU_out<13>    |    9.585|
A<7>           |ALU_out<14>    |    9.712|
A<7>           |ALU_out<15>    |    9.606|
A<7>           |ALU_out<16>    |    9.544|
A<7>           |ALU_out<17>    |    9.481|
A<7>           |ALU_out<18>    |    9.284|
A<7>           |ALU_out<19>    |    9.871|
A<7>           |ALU_out<20>    |    9.451|
A<7>           |ALU_out<21>    |   10.396|
A<7>           |ALU_out<22>    |   10.109|
A<7>           |ALU_out<23>    |   10.674|
A<7>           |ALU_out<24>    |   10.506|
A<7>           |ALU_out<25>    |   10.728|
A<7>           |ALU_out<26>    |   10.020|
A<7>           |ALU_out<27>    |   10.388|
A<7>           |ALU_out<28>    |   10.308|
A<7>           |ALU_out<29>    |    9.907|
A<7>           |ALU_out<30>    |   10.180|
A<7>           |ALU_out<31>    |   10.237|
A<7>           |zero           |   11.964|
A<8>           |ALU_out<7>     |    7.556|
A<8>           |ALU_out<8>     |    9.037|
A<8>           |ALU_out<9>     |    9.234|
A<8>           |ALU_out<10>    |    9.569|
A<8>           |ALU_out<11>    |    9.374|
A<8>           |ALU_out<12>    |    9.892|
A<8>           |ALU_out<13>    |    9.673|
A<8>           |ALU_out<14>    |    9.939|
A<8>           |ALU_out<15>    |    9.833|
A<8>           |ALU_out<16>    |    9.771|
A<8>           |ALU_out<17>    |    9.708|
A<8>           |ALU_out<18>    |    9.511|
A<8>           |ALU_out<19>    |   10.098|
A<8>           |ALU_out<20>    |    9.539|
A<8>           |ALU_out<21>    |   10.623|
A<8>           |ALU_out<22>    |   10.336|
A<8>           |ALU_out<23>    |   10.901|
A<8>           |ALU_out<24>    |   10.733|
A<8>           |ALU_out<25>    |   10.955|
A<8>           |ALU_out<26>    |   10.247|
A<8>           |ALU_out<27>    |   10.605|
A<8>           |ALU_out<28>    |   10.535|
A<8>           |ALU_out<29>    |   10.134|
A<8>           |ALU_out<30>    |   10.407|
A<8>           |ALU_out<31>    |   10.412|
A<8>           |zero           |   12.191|
A<9>           |ALU_out<8>     |    7.671|
A<9>           |ALU_out<9>     |    9.362|
A<9>           |ALU_out<10>    |    9.856|
A<9>           |ALU_out<11>    |    9.661|
A<9>           |ALU_out<12>    |   10.171|
A<9>           |ALU_out<13>    |    9.920|
A<9>           |ALU_out<14>    |   10.218|
A<9>           |ALU_out<15>    |   10.112|
A<9>           |ALU_out<16>    |   10.050|
A<9>           |ALU_out<17>    |    9.987|
A<9>           |ALU_out<18>    |    9.790|
A<9>           |ALU_out<19>    |   10.377|
A<9>           |ALU_out<20>    |    9.813|
A<9>           |ALU_out<21>    |   10.902|
A<9>           |ALU_out<22>    |   10.615|
A<9>           |ALU_out<23>    |   11.180|
A<9>           |ALU_out<24>    |   11.012|
A<9>           |ALU_out<25>    |   11.234|
A<9>           |ALU_out<26>    |   10.526|
A<9>           |ALU_out<27>    |   10.884|
A<9>           |ALU_out<28>    |   10.814|
A<9>           |ALU_out<29>    |   10.413|
A<9>           |ALU_out<30>    |   10.686|
A<9>           |ALU_out<31>    |   10.691|
A<9>           |zero           |   12.470|
A<10>          |ALU_out<9>     |    7.628|
A<10>          |ALU_out<10>    |    9.176|
A<10>          |ALU_out<11>    |    9.014|
A<10>          |ALU_out<12>    |    9.623|
A<10>          |ALU_out<13>    |    9.543|
A<10>          |ALU_out<14>    |    9.670|
A<10>          |ALU_out<15>    |    9.564|
A<10>          |ALU_out<16>    |    9.502|
A<10>          |ALU_out<17>    |    9.439|
A<10>          |ALU_out<18>    |    9.242|
A<10>          |ALU_out<19>    |    9.829|
A<10>          |ALU_out<20>    |    9.409|
A<10>          |ALU_out<21>    |   10.354|
A<10>          |ALU_out<22>    |   10.067|
A<10>          |ALU_out<23>    |   10.632|
A<10>          |ALU_out<24>    |   10.464|
A<10>          |ALU_out<25>    |   10.686|
A<10>          |ALU_out<26>    |    9.978|
A<10>          |ALU_out<27>    |   10.346|
A<10>          |ALU_out<28>    |   10.266|
A<10>          |ALU_out<29>    |    9.865|
A<10>          |ALU_out<30>    |   10.138|
A<10>          |ALU_out<31>    |   10.195|
A<10>          |zero           |   11.922|
A<11>          |ALU_out<10>    |    7.695|
A<11>          |ALU_out<11>    |    9.375|
A<11>          |ALU_out<12>    |    9.993|
A<11>          |ALU_out<13>    |   10.081|
A<11>          |ALU_out<14>    |   10.040|
A<11>          |ALU_out<15>    |    9.934|
A<11>          |ALU_out<16>    |    9.872|
A<11>          |ALU_out<17>    |    9.809|
A<11>          |ALU_out<18>    |    9.612|
A<11>          |ALU_out<19>    |   10.199|
A<11>          |ALU_out<20>    |    9.947|
A<11>          |ALU_out<21>    |   10.724|
A<11>          |ALU_out<22>    |   10.437|
A<11>          |ALU_out<23>    |   11.002|
A<11>          |ALU_out<24>    |   10.834|
A<11>          |ALU_out<25>    |   11.056|
A<11>          |ALU_out<26>    |   10.348|
A<11>          |ALU_out<27>    |   10.884|
A<11>          |ALU_out<28>    |   10.636|
A<11>          |ALU_out<29>    |   10.353|
A<11>          |ALU_out<30>    |   10.508|
A<11>          |ALU_out<31>    |   10.733|
A<11>          |zero           |   12.292|
A<12>          |ALU_out<11>    |    7.434|
A<12>          |ALU_out<12>    |    9.115|
A<12>          |ALU_out<13>    |    9.174|
A<12>          |ALU_out<14>    |    9.360|
A<12>          |ALU_out<15>    |    9.246|
A<12>          |ALU_out<16>    |    9.272|
A<12>          |ALU_out<17>    |    9.209|
A<12>          |ALU_out<18>    |    9.012|
A<12>          |ALU_out<19>    |    9.599|
A<12>          |ALU_out<20>    |    9.273|
A<12>          |ALU_out<21>    |   10.124|
A<12>          |ALU_out<22>    |    9.837|
A<12>          |ALU_out<23>    |   10.402|
A<12>          |ALU_out<24>    |   10.234|
A<12>          |ALU_out<25>    |   10.456|
A<12>          |ALU_out<26>    |    9.748|
A<12>          |ALU_out<27>    |   10.210|
A<12>          |ALU_out<28>    |   10.036|
A<12>          |ALU_out<29>    |    9.679|
A<12>          |ALU_out<30>    |    9.908|
A<12>          |ALU_out<31>    |   10.059|
A<12>          |zero           |   11.692|
A<13>          |ALU_out<12>    |    8.234|
A<13>          |ALU_out<13>    |    9.863|
A<13>          |ALU_out<14>    |    9.765|
A<13>          |ALU_out<15>    |    9.946|
A<13>          |ALU_out<16>    |   10.026|
A<13>          |ALU_out<17>    |    9.688|
A<13>          |ALU_out<18>    |    9.609|
A<13>          |ALU_out<19>    |    9.996|
A<13>          |ALU_out<20>    |   10.113|
A<13>          |ALU_out<21>    |   10.521|
A<13>          |ALU_out<22>    |   10.362|
A<13>          |ALU_out<23>    |   11.016|
A<13>          |ALU_out<24>    |   10.680|
A<13>          |ALU_out<25>    |   10.853|
A<13>          |ALU_out<26>    |   10.465|
A<13>          |ALU_out<27>    |   11.050|
A<13>          |ALU_out<28>    |   10.609|
A<13>          |ALU_out<29>    |   10.519|
A<13>          |ALU_out<30>    |   10.590|
A<13>          |ALU_out<31>    |   10.899|
A<13>          |zero           |   12.089|
A<14>          |ALU_out<13>    |    8.181|
A<14>          |ALU_out<14>    |    9.343|
A<14>          |ALU_out<15>    |    9.262|
A<14>          |ALU_out<16>    |    9.379|
A<14>          |ALU_out<17>    |    9.316|
A<14>          |ALU_out<18>    |    9.119|
A<14>          |ALU_out<19>    |    9.706|
A<14>          |ALU_out<20>    |    9.310|
A<14>          |ALU_out<21>    |   10.231|
A<14>          |ALU_out<22>    |    9.944|
A<14>          |ALU_out<23>    |   10.509|
A<14>          |ALU_out<24>    |   10.341|
A<14>          |ALU_out<25>    |   10.563|
A<14>          |ALU_out<26>    |    9.855|
A<14>          |ALU_out<27>    |   10.247|
A<14>          |ALU_out<28>    |   10.143|
A<14>          |ALU_out<29>    |    9.742|
A<14>          |ALU_out<30>    |   10.015|
A<14>          |ALU_out<31>    |   10.096|
A<14>          |zero           |   11.799|
A<15>          |ALU_out<14>    |    7.699|
A<15>          |ALU_out<15>    |    9.375|
A<15>          |ALU_out<16>    |    9.570|
A<15>          |ALU_out<17>    |    9.507|
A<15>          |ALU_out<18>    |    9.310|
A<15>          |ALU_out<19>    |    9.897|
A<15>          |ALU_out<20>    |    9.630|
A<15>          |ALU_out<21>    |   10.422|
A<15>          |ALU_out<22>    |   10.135|
A<15>          |ALU_out<23>    |   10.700|
A<15>          |ALU_out<24>    |   10.532|
A<15>          |ALU_out<25>    |   10.754|
A<15>          |ALU_out<26>    |   10.046|
A<15>          |ALU_out<27>    |   10.567|
A<15>          |ALU_out<28>    |   10.334|
A<15>          |ALU_out<29>    |   10.036|
A<15>          |ALU_out<30>    |   10.206|
A<15>          |ALU_out<31>    |   10.416|
A<15>          |zero           |   11.990|
A<16>          |ALU_out<15>    |    8.542|
A<16>          |ALU_out<16>    |    9.255|
A<16>          |ALU_out<17>    |    9.185|
A<16>          |ALU_out<18>    |    9.141|
A<16>          |ALU_out<19>    |    9.720|
A<16>          |ALU_out<20>    |    9.620|
A<16>          |ALU_out<21>    |   10.333|
A<16>          |ALU_out<22>    |   10.046|
A<16>          |ALU_out<23>    |   10.611|
A<16>          |ALU_out<24>    |   10.443|
A<16>          |ALU_out<25>    |   10.665|
A<16>          |ALU_out<26>    |    9.972|
A<16>          |ALU_out<27>    |   10.557|
A<16>          |ALU_out<28>    |   10.245|
A<16>          |ALU_out<29>    |   10.026|
A<16>          |ALU_out<30>    |   10.117|
A<16>          |ALU_out<31>    |   10.406|
A<16>          |zero           |   11.901|
A<17>          |ALU_out<16>    |    8.303|
A<17>          |ALU_out<17>    |    9.225|
A<17>          |ALU_out<18>    |    9.340|
A<17>          |ALU_out<19>    |    9.919|
A<17>          |ALU_out<20>    |    9.684|
A<17>          |ALU_out<21>    |   10.524|
A<17>          |ALU_out<22>    |   10.237|
A<17>          |ALU_out<23>    |   10.802|
A<17>          |ALU_out<24>    |   10.634|
A<17>          |ALU_out<25>    |   10.856|
A<17>          |ALU_out<26>    |   10.148|
A<17>          |ALU_out<27>    |   10.621|
A<17>          |ALU_out<28>    |   10.436|
A<17>          |ALU_out<29>    |   10.090|
A<17>          |ALU_out<30>    |   10.308|
A<17>          |ALU_out<31>    |   10.470|
A<17>          |zero           |   12.092|
A<18>          |ALU_out<17>    |    7.414|
A<18>          |ALU_out<18>    |    8.871|
A<18>          |ALU_out<19>    |    9.595|
A<18>          |ALU_out<20>    |    9.569|
A<18>          |ALU_out<21>    |   10.236|
A<18>          |ALU_out<22>    |    9.949|
A<18>          |ALU_out<23>    |   10.514|
A<18>          |ALU_out<24>    |   10.346|
A<18>          |ALU_out<25>    |   10.568|
A<18>          |ALU_out<26>    |    9.921|
A<18>          |ALU_out<27>    |   10.506|
A<18>          |ALU_out<28>    |   10.148|
A<18>          |ALU_out<29>    |    9.975|
A<18>          |ALU_out<30>    |   10.046|
A<18>          |ALU_out<31>    |   10.355|
A<18>          |zero           |   11.804|
A<19>          |ALU_out<18>    |    7.755|
A<19>          |ALU_out<19>    |    9.448|
A<19>          |ALU_out<20>    |    9.620|
A<19>          |ALU_out<21>    |   10.230|
A<19>          |ALU_out<22>    |    9.943|
A<19>          |ALU_out<23>    |   10.523|
A<19>          |ALU_out<24>    |   10.340|
A<19>          |ALU_out<25>    |   10.562|
A<19>          |ALU_out<26>    |    9.972|
A<19>          |ALU_out<27>    |   10.557|
A<19>          |ALU_out<28>    |   10.142|
A<19>          |ALU_out<29>    |   10.026|
A<19>          |ALU_out<30>    |   10.097|
A<19>          |ALU_out<31>    |   10.406|
A<19>          |zero           |   11.798|
A<20>          |ALU_out<19>    |    7.508|
A<20>          |ALU_out<20>    |    9.045|
A<20>          |ALU_out<21>    |    9.935|
A<20>          |ALU_out<22>    |    9.801|
A<20>          |ALU_out<23>    |   10.358|
A<20>          |ALU_out<24>    |   10.278|
A<20>          |ALU_out<25>    |   10.500|
A<20>          |ALU_out<26>    |    9.792|
A<20>          |ALU_out<27>    |   10.260|
A<20>          |ALU_out<28>    |   10.080|
A<20>          |ALU_out<29>    |    9.729|
A<20>          |ALU_out<30>    |    9.952|
A<20>          |ALU_out<31>    |   10.109|
A<20>          |zero           |   11.594|
A<21>          |ALU_out<20>    |    7.857|
A<21>          |ALU_out<21>    |   10.192|
A<21>          |ALU_out<22>    |   10.217|
A<21>          |ALU_out<23>    |   10.774|
A<21>          |ALU_out<24>    |   10.686|
A<21>          |ALU_out<25>    |   10.908|
A<21>          |ALU_out<26>    |   10.200|
A<21>          |ALU_out<27>    |   10.593|
A<21>          |ALU_out<28>    |   10.488|
A<21>          |ALU_out<29>    |   10.087|
A<21>          |ALU_out<30>    |   10.360|
A<21>          |ALU_out<31>    |   10.442|
A<21>          |zero           |   12.002|
A<22>          |ALU_out<21>    |    8.520|
A<22>          |ALU_out<22>    |    9.731|
A<22>          |ALU_out<23>    |   10.321|
A<22>          |ALU_out<24>    |   10.332|
A<22>          |ALU_out<25>    |   10.554|
A<22>          |ALU_out<26>    |    9.846|
A<22>          |ALU_out<27>    |   10.204|
A<22>          |ALU_out<28>    |   10.134|
A<22>          |ALU_out<29>    |    9.733|
A<22>          |ALU_out<30>    |   10.006|
A<22>          |ALU_out<31>    |   10.046|
A<22>          |zero           |   11.648|
A<23>          |ALU_out<22>    |    8.233|
A<23>          |ALU_out<23>    |   10.202|
A<23>          |ALU_out<24>    |   10.291|
A<23>          |ALU_out<25>    |   10.513|
A<23>          |ALU_out<26>    |    9.805|
A<23>          |ALU_out<27>    |   10.272|
A<23>          |ALU_out<28>    |   10.093|
A<23>          |ALU_out<29>    |    9.741|
A<23>          |ALU_out<30>    |    9.965|
A<23>          |ALU_out<31>    |   10.121|
A<23>          |zero           |   11.607|
A<24>          |ALU_out<23>    |    8.097|
A<24>          |ALU_out<24>    |   10.127|
A<24>          |ALU_out<25>    |   10.394|
A<24>          |ALU_out<26>    |    9.857|
A<24>          |ALU_out<27>    |   10.434|
A<24>          |ALU_out<28>    |   10.207|
A<24>          |ALU_out<29>    |    9.991|
A<24>          |ALU_out<30>    |   10.079|
A<24>          |ALU_out<31>    |   10.371|
A<24>          |zero           |   11.488|
A<25>          |ALU_out<24>    |    8.111|
A<25>          |ALU_out<25>    |   10.559|
A<25>          |ALU_out<26>    |   10.163|
A<25>          |ALU_out<27>    |   10.513|
A<25>          |ALU_out<28>    |   10.523|
A<25>          |ALU_out<29>    |   10.122|
A<25>          |ALU_out<30>    |   10.395|
A<25>          |ALU_out<31>    |   10.400|
A<25>          |zero           |   11.653|
A<26>          |ALU_out<25>    |    8.635|
A<26>          |ALU_out<26>    |    9.574|
A<26>          |ALU_out<27>    |    9.988|
A<26>          |ALU_out<28>    |   10.066|
A<26>          |ALU_out<29>    |    9.665|
A<26>          |ALU_out<30>    |    9.938|
A<26>          |ALU_out<31>    |   10.016|
A<26>          |zero           |   11.074|
A<27>          |ALU_out<26>    |    8.087|
A<27>          |ALU_out<27>    |   10.048|
A<27>          |ALU_out<28>    |    9.864|
A<27>          |ALU_out<29>    |    9.774|
A<27>          |ALU_out<30>    |    9.845|
A<27>          |ALU_out<31>    |   10.154|
A<27>          |zero           |   11.183|
A<28>          |ALU_out<27>    |    7.879|
A<28>          |ALU_out<28>    |    9.141|
A<28>          |ALU_out<29>    |    9.019|
A<28>          |ALU_out<30>    |    9.243|
A<28>          |ALU_out<31>    |    9.544|
A<28>          |zero           |   10.428|
A<29>          |ALU_out<28>    |    7.790|
A<29>          |ALU_out<29>    |    9.054|
A<29>          |ALU_out<30>    |    9.575|
A<29>          |ALU_out<31>    |    9.738|
A<29>          |zero           |   10.516|
A<30>          |ALU_out<29>    |    7.715|
A<30>          |ALU_out<30>    |    9.028|
A<30>          |ALU_out<31>    |    9.260|
A<30>          |zero           |    9.969|
A<31>          |ALU_out<0>     |    8.162|
A<31>          |ALU_out<30>    |    8.346|
A<31>          |ALU_out<31>    |    9.264|
A<31>          |zero           |    9.871|
ALU_sel<0>     |ALU_out<0>     |    8.611|
ALU_sel<0>     |ALU_out<1>     |    8.723|
ALU_sel<0>     |ALU_out<2>     |    8.405|
ALU_sel<0>     |ALU_out<3>     |    8.421|
ALU_sel<0>     |ALU_out<4>     |    8.525|
ALU_sel<0>     |ALU_out<5>     |    8.587|
ALU_sel<0>     |ALU_out<6>     |    8.323|
ALU_sel<0>     |ALU_out<7>     |    8.436|
ALU_sel<0>     |ALU_out<8>     |    7.963|
ALU_sel<0>     |ALU_out<9>     |    8.229|
ALU_sel<0>     |ALU_out<10>    |    8.022|
ALU_sel<0>     |ALU_out<11>    |    7.959|
ALU_sel<0>     |ALU_out<12>    |    8.766|
ALU_sel<0>     |ALU_out<13>    |    8.428|
ALU_sel<0>     |ALU_out<14>    |    8.811|
ALU_sel<0>     |ALU_out<15>    |    8.711|
ALU_sel<0>     |ALU_out<16>    |    8.712|
ALU_sel<0>     |ALU_out<17>    |    8.617|
ALU_sel<0>     |ALU_out<18>    |    8.636|
ALU_sel<0>     |ALU_out<19>    |    9.218|
ALU_sel<0>     |ALU_out<20>    |    8.892|
ALU_sel<0>     |ALU_out<21>    |    9.565|
ALU_sel<0>     |ALU_out<22>    |    9.698|
ALU_sel<0>     |ALU_out<23>    |   10.102|
ALU_sel<0>     |ALU_out<24>    |   10.038|
ALU_sel<0>     |ALU_out<25>    |    9.996|
ALU_sel<0>     |ALU_out<26>    |    9.651|
ALU_sel<0>     |ALU_out<27>    |    9.646|
ALU_sel<0>     |ALU_out<28>    |    9.521|
ALU_sel<0>     |ALU_out<29>    |    9.793|
ALU_sel<0>     |ALU_out<30>    |    9.535|
ALU_sel<0>     |ALU_out<31>    |    9.459|
ALU_sel<0>     |zero           |   11.302|
ALU_sel<1>     |ALU_out<0>     |    8.826|
ALU_sel<1>     |ALU_out<1>     |    8.799|
ALU_sel<1>     |ALU_out<2>     |    8.709|
ALU_sel<1>     |ALU_out<3>     |    8.390|
ALU_sel<1>     |ALU_out<4>     |    8.374|
ALU_sel<1>     |ALU_out<5>     |    8.288|
ALU_sel<1>     |ALU_out<6>     |    8.465|
ALU_sel<1>     |ALU_out<7>     |    8.338|
ALU_sel<1>     |ALU_out<8>     |    8.260|
ALU_sel<1>     |ALU_out<9>     |    8.271|
ALU_sel<1>     |ALU_out<10>    |    8.139|
ALU_sel<1>     |ALU_out<11>    |    8.401|
ALU_sel<1>     |ALU_out<12>    |    8.646|
ALU_sel<1>     |ALU_out<13>    |    8.840|
ALU_sel<1>     |ALU_out<14>    |    9.091|
ALU_sel<1>     |ALU_out<15>    |    8.995|
ALU_sel<1>     |ALU_out<16>    |    9.331|
ALU_sel<1>     |ALU_out<17>    |    8.879|
ALU_sel<1>     |ALU_out<18>    |    9.036|
ALU_sel<1>     |ALU_out<19>    |    9.514|
ALU_sel<1>     |ALU_out<20>    |    9.220|
ALU_sel<1>     |ALU_out<21>    |    9.991|
ALU_sel<1>     |ALU_out<22>    |    9.922|
ALU_sel<1>     |ALU_out<23>    |   10.296|
ALU_sel<1>     |ALU_out<24>    |   10.216|
ALU_sel<1>     |ALU_out<25>    |   10.239|
ALU_sel<1>     |ALU_out<26>    |    9.990|
ALU_sel<1>     |ALU_out<27>    |    9.541|
ALU_sel<1>     |ALU_out<28>    |    9.980|
ALU_sel<1>     |ALU_out<29>    |   10.129|
ALU_sel<1>     |ALU_out<30>    |    9.505|
ALU_sel<1>     |ALU_out<31>    |    9.401|
ALU_sel<1>     |zero           |   11.559|
ALU_sel<2>     |ALU_out<0>     |    8.098|
ALU_sel<2>     |ALU_out<1>     |    8.902|
ALU_sel<2>     |ALU_out<2>     |    8.242|
ALU_sel<2>     |ALU_out<3>     |    8.165|
ALU_sel<2>     |ALU_out<4>     |    8.333|
ALU_sel<2>     |ALU_out<5>     |    7.904|
ALU_sel<2>     |ALU_out<6>     |    8.548|
ALU_sel<2>     |ALU_out<7>     |    7.968|
ALU_sel<2>     |ALU_out<8>     |    7.609|
ALU_sel<2>     |ALU_out<9>     |    7.573|
ALU_sel<2>     |ALU_out<10>    |    7.839|
ALU_sel<2>     |ALU_out<11>    |    7.778|
ALU_sel<2>     |ALU_out<12>    |    8.559|
ALU_sel<2>     |ALU_out<13>    |    8.651|
ALU_sel<2>     |ALU_out<14>    |    8.786|
ALU_sel<2>     |ALU_out<15>    |    9.415|
ALU_sel<2>     |ALU_out<16>    |    9.189|
ALU_sel<2>     |ALU_out<17>    |    8.673|
ALU_sel<2>     |ALU_out<18>    |    8.856|
ALU_sel<2>     |ALU_out<19>    |    9.180|
ALU_sel<2>     |ALU_out<20>    |    9.258|
ALU_sel<2>     |ALU_out<21>    |    9.753|
ALU_sel<2>     |ALU_out<22>    |   10.406|
ALU_sel<2>     |ALU_out<23>    |    9.830|
ALU_sel<2>     |ALU_out<24>    |   10.084|
ALU_sel<2>     |ALU_out<25>    |   10.206|
ALU_sel<2>     |ALU_out<26>    |    9.779|
ALU_sel<2>     |ALU_out<27>    |    9.674|
ALU_sel<2>     |ALU_out<28>    |    9.890|
ALU_sel<2>     |ALU_out<29>    |    9.562|
ALU_sel<2>     |ALU_out<30>    |    9.382|
ALU_sel<2>     |ALU_out<31>    |    9.674|
ALU_sel<2>     |zero           |   11.348|
ALU_sel<3>     |ALU_out<0>     |    8.545|
ALU_sel<3>     |ALU_out<1>     |    8.600|
ALU_sel<3>     |ALU_out<2>     |    8.329|
ALU_sel<3>     |ALU_out<3>     |    8.509|
ALU_sel<3>     |ALU_out<4>     |    8.186|
ALU_sel<3>     |ALU_out<5>     |    8.320|
ALU_sel<3>     |ALU_out<6>     |    8.766|
ALU_sel<3>     |ALU_out<7>     |    8.285|
ALU_sel<3>     |ALU_out<8>     |    7.924|
ALU_sel<3>     |ALU_out<9>     |    8.011|
ALU_sel<3>     |ALU_out<10>    |    8.012|
ALU_sel<3>     |ALU_out<11>    |    7.676|
ALU_sel<3>     |ALU_out<12>    |    8.674|
ALU_sel<3>     |ALU_out<13>    |    8.051|
ALU_sel<3>     |ALU_out<14>    |    8.031|
ALU_sel<3>     |ALU_out<15>    |    8.184|
ALU_sel<3>     |ALU_out<16>    |    7.860|
ALU_sel<3>     |ALU_out<17>    |    7.837|
ALU_sel<3>     |ALU_out<18>    |    7.700|
ALU_sel<3>     |ALU_out<19>    |    8.123|
ALU_sel<3>     |ALU_out<20>    |    8.256|
ALU_sel<3>     |ALU_out<21>    |    8.701|
ALU_sel<3>     |ALU_out<22>    |    8.541|
ALU_sel<3>     |ALU_out<23>    |    9.041|
ALU_sel<3>     |ALU_out<24>    |    8.916|
ALU_sel<3>     |ALU_out<25>    |    8.772|
ALU_sel<3>     |ALU_out<26>    |    8.530|
ALU_sel<3>     |ALU_out<27>    |    8.013|
ALU_sel<3>     |ALU_out<28>    |    8.121|
ALU_sel<3>     |ALU_out<29>    |    8.406|
ALU_sel<3>     |ALU_out<30>    |    8.646|
ALU_sel<3>     |ALU_out<31>    |    8.691|
ALU_sel<3>     |zero           |   11.025|
B<0>           |ALU_out<0>     |   10.030|
B<0>           |ALU_out<1>     |   10.097|
B<0>           |ALU_out<2>     |   10.298|
B<0>           |ALU_out<3>     |    9.976|
B<0>           |ALU_out<4>     |   10.185|
B<0>           |ALU_out<5>     |    9.824|
B<0>           |ALU_out<6>     |   10.169|
B<0>           |ALU_out<7>     |    9.756|
B<0>           |ALU_out<8>     |    9.785|
B<0>           |ALU_out<9>     |    9.937|
B<0>           |ALU_out<10>    |   10.119|
B<0>           |ALU_out<11>    |    9.932|
B<0>           |ALU_out<12>    |   10.362|
B<0>           |ALU_out<13>    |   10.111|
B<0>           |ALU_out<14>    |   10.409|
B<0>           |ALU_out<15>    |   10.303|
B<0>           |ALU_out<16>    |   10.241|
B<0>           |ALU_out<17>    |   10.178|
B<0>           |ALU_out<18>    |    9.981|
B<0>           |ALU_out<19>    |   10.568|
B<0>           |ALU_out<20>    |   10.004|
B<0>           |ALU_out<21>    |   11.093|
B<0>           |ALU_out<22>    |   10.806|
B<0>           |ALU_out<23>    |   11.371|
B<0>           |ALU_out<24>    |   11.203|
B<0>           |ALU_out<25>    |   11.425|
B<0>           |ALU_out<26>    |   10.717|
B<0>           |ALU_out<27>    |   11.075|
B<0>           |ALU_out<28>    |   11.005|
B<0>           |ALU_out<29>    |   10.604|
B<0>           |ALU_out<30>    |   10.877|
B<0>           |ALU_out<31>    |   10.882|
B<0>           |zero           |   12.661|
B<1>           |ALU_out<1>     |    9.865|
B<1>           |ALU_out<2>     |   10.225|
B<1>           |ALU_out<3>     |    9.903|
B<1>           |ALU_out<4>     |   10.104|
B<1>           |ALU_out<5>     |    9.743|
B<1>           |ALU_out<6>     |   10.088|
B<1>           |ALU_out<7>     |    9.675|
B<1>           |ALU_out<8>     |    9.704|
B<1>           |ALU_out<9>     |    9.856|
B<1>           |ALU_out<10>    |   10.038|
B<1>           |ALU_out<11>    |    9.851|
B<1>           |ALU_out<12>    |   10.281|
B<1>           |ALU_out<13>    |   10.109|
B<1>           |ALU_out<14>    |   10.328|
B<1>           |ALU_out<15>    |   10.222|
B<1>           |ALU_out<16>    |   10.160|
B<1>           |ALU_out<17>    |   10.097|
B<1>           |ALU_out<18>    |    9.900|
B<1>           |ALU_out<19>    |   10.487|
B<1>           |ALU_out<20>    |    9.975|
B<1>           |ALU_out<21>    |   11.012|
B<1>           |ALU_out<22>    |   10.725|
B<1>           |ALU_out<23>    |   11.290|
B<1>           |ALU_out<24>    |   11.122|
B<1>           |ALU_out<25>    |   11.344|
B<1>           |ALU_out<26>    |   10.636|
B<1>           |ALU_out<27>    |   10.994|
B<1>           |ALU_out<28>    |   10.924|
B<1>           |ALU_out<29>    |   10.523|
B<1>           |ALU_out<30>    |   10.796|
B<1>           |ALU_out<31>    |   10.801|
B<1>           |zero           |   12.580|
B<2>           |ALU_out<2>     |    9.655|
B<2>           |ALU_out<3>     |    9.366|
B<2>           |ALU_out<4>     |    9.666|
B<2>           |ALU_out<5>     |    9.305|
B<2>           |ALU_out<6>     |    9.650|
B<2>           |ALU_out<7>     |    9.468|
B<2>           |ALU_out<8>     |    9.422|
B<2>           |ALU_out<9>     |    9.418|
B<2>           |ALU_out<10>    |    9.600|
B<2>           |ALU_out<11>    |    9.454|
B<2>           |ALU_out<12>    |    9.843|
B<2>           |ALU_out<13>    |    9.903|
B<2>           |ALU_out<14>    |    9.890|
B<2>           |ALU_out<15>    |    9.784|
B<2>           |ALU_out<16>    |    9.722|
B<2>           |ALU_out<17>    |    9.659|
B<2>           |ALU_out<18>    |    9.462|
B<2>           |ALU_out<19>    |   10.049|
B<2>           |ALU_out<20>    |    9.769|
B<2>           |ALU_out<21>    |   10.574|
B<2>           |ALU_out<22>    |   10.287|
B<2>           |ALU_out<23>    |   10.852|
B<2>           |ALU_out<24>    |   10.684|
B<2>           |ALU_out<25>    |   10.906|
B<2>           |ALU_out<26>    |   10.198|
B<2>           |ALU_out<27>    |   10.706|
B<2>           |ALU_out<28>    |   10.486|
B<2>           |ALU_out<29>    |   10.175|
B<2>           |ALU_out<30>    |   10.358|
B<2>           |ALU_out<31>    |   10.555|
B<2>           |zero           |   12.142|
B<3>           |ALU_out<3>     |    9.285|
B<3>           |ALU_out<4>     |    9.663|
B<3>           |ALU_out<5>     |    9.302|
B<3>           |ALU_out<6>     |    9.647|
B<3>           |ALU_out<7>     |    9.273|
B<3>           |ALU_out<8>     |    9.263|
B<3>           |ALU_out<9>     |    9.415|
B<3>           |ALU_out<10>    |    9.597|
B<3>           |ALU_out<11>    |    9.410|
B<3>           |ALU_out<12>    |    9.840|
B<3>           |ALU_out<13>    |    9.708|
B<3>           |ALU_out<14>    |    9.887|
B<3>           |ALU_out<15>    |    9.781|
B<3>           |ALU_out<16>    |    9.719|
B<3>           |ALU_out<17>    |    9.656|
B<3>           |ALU_out<18>    |    9.459|
B<3>           |ALU_out<19>    |   10.046|
B<3>           |ALU_out<20>    |    9.574|
B<3>           |ALU_out<21>    |   10.571|
B<3>           |ALU_out<22>    |   10.284|
B<3>           |ALU_out<23>    |   10.849|
B<3>           |ALU_out<24>    |   10.681|
B<3>           |ALU_out<25>    |   10.903|
B<3>           |ALU_out<26>    |   10.195|
B<3>           |ALU_out<27>    |   10.553|
B<3>           |ALU_out<28>    |   10.483|
B<3>           |ALU_out<29>    |   10.082|
B<3>           |ALU_out<30>    |   10.355|
B<3>           |ALU_out<31>    |   10.360|
B<3>           |zero           |   12.139|
B<4>           |ALU_out<4>     |   10.241|
B<4>           |ALU_out<5>     |    9.925|
B<4>           |ALU_out<6>     |   10.423|
B<4>           |ALU_out<7>     |   10.132|
B<4>           |ALU_out<8>     |   10.174|
B<4>           |ALU_out<9>     |   10.271|
B<4>           |ALU_out<10>    |   10.453|
B<4>           |ALU_out<11>    |   10.266|
B<4>           |ALU_out<12>    |   10.696|
B<4>           |ALU_out<13>    |   10.655|
B<4>           |ALU_out<14>    |   10.743|
B<4>           |ALU_out<15>    |   10.637|
B<4>           |ALU_out<16>    |   10.575|
B<4>           |ALU_out<17>    |   10.512|
B<4>           |ALU_out<18>    |   10.315|
B<4>           |ALU_out<19>    |   10.902|
B<4>           |ALU_out<20>    |   10.521|
B<4>           |ALU_out<21>    |   11.427|
B<4>           |ALU_out<22>    |   11.140|
B<4>           |ALU_out<23>    |   11.705|
B<4>           |ALU_out<24>    |   11.537|
B<4>           |ALU_out<25>    |   11.759|
B<4>           |ALU_out<26>    |   11.051|
B<4>           |ALU_out<27>    |   11.458|
B<4>           |ALU_out<28>    |   11.339|
B<4>           |ALU_out<29>    |   10.938|
B<4>           |ALU_out<30>    |   11.211|
B<4>           |ALU_out<31>    |   11.307|
B<4>           |zero           |   12.995|
B<5>           |ALU_out<5>     |    9.279|
B<5>           |ALU_out<6>     |    9.936|
B<5>           |ALU_out<7>     |    9.582|
B<5>           |ALU_out<8>     |    9.624|
B<5>           |ALU_out<9>     |    9.776|
B<5>           |ALU_out<10>    |    9.958|
B<5>           |ALU_out<11>    |    9.771|
B<5>           |ALU_out<12>    |   10.201|
B<5>           |ALU_out<13>    |   10.097|
B<5>           |ALU_out<14>    |   10.248|
B<5>           |ALU_out<15>    |   10.142|
B<5>           |ALU_out<16>    |   10.080|
B<5>           |ALU_out<17>    |   10.017|
B<5>           |ALU_out<18>    |    9.820|
B<5>           |ALU_out<19>    |   10.407|
B<5>           |ALU_out<20>    |    9.963|
B<5>           |ALU_out<21>    |   10.932|
B<5>           |ALU_out<22>    |   10.645|
B<5>           |ALU_out<23>    |   11.210|
B<5>           |ALU_out<24>    |   11.042|
B<5>           |ALU_out<25>    |   11.264|
B<5>           |ALU_out<26>    |   10.556|
B<5>           |ALU_out<27>    |   10.914|
B<5>           |ALU_out<28>    |   10.844|
B<5>           |ALU_out<29>    |   10.443|
B<5>           |ALU_out<30>    |   10.716|
B<5>           |ALU_out<31>    |   10.749|
B<5>           |zero           |   12.500|
B<6>           |ALU_out<6>     |    9.376|
B<6>           |ALU_out<7>     |    9.398|
B<6>           |ALU_out<8>     |    9.531|
B<6>           |ALU_out<9>     |    9.348|
B<6>           |ALU_out<10>    |    9.530|
B<6>           |ALU_out<11>    |    9.563|
B<6>           |ALU_out<12>    |    9.773|
B<6>           |ALU_out<13>    |   10.012|
B<6>           |ALU_out<14>    |    9.820|
B<6>           |ALU_out<15>    |    9.791|
B<6>           |ALU_out<16>    |    9.791|
B<6>           |ALU_out<17>    |    9.589|
B<6>           |ALU_out<18>    |    9.392|
B<6>           |ALU_out<19>    |    9.979|
B<6>           |ALU_out<20>    |    9.878|
B<6>           |ALU_out<21>    |   10.504|
B<6>           |ALU_out<22>    |   10.217|
B<6>           |ALU_out<23>    |   10.782|
B<6>           |ALU_out<24>    |   10.614|
B<6>           |ALU_out<25>    |   10.836|
B<6>           |ALU_out<26>    |   10.230|
B<6>           |ALU_out<27>    |   10.815|
B<6>           |ALU_out<28>    |   10.416|
B<6>           |ALU_out<29>    |   10.284|
B<6>           |ALU_out<30>    |   10.355|
B<6>           |ALU_out<31>    |   10.664|
B<6>           |zero           |   12.072|
B<7>           |ALU_out<7>     |    9.306|
B<7>           |ALU_out<8>     |    9.517|
B<7>           |ALU_out<9>     |    9.661|
B<7>           |ALU_out<10>    |    9.843|
B<7>           |ALU_out<11>    |    9.656|
B<7>           |ALU_out<12>    |   10.086|
B<7>           |ALU_out<13>    |    9.998|
B<7>           |ALU_out<14>    |   10.133|
B<7>           |ALU_out<15>    |   10.027|
B<7>           |ALU_out<16>    |    9.965|
B<7>           |ALU_out<17>    |    9.902|
B<7>           |ALU_out<18>    |    9.705|
B<7>           |ALU_out<19>    |   10.292|
B<7>           |ALU_out<20>    |    9.864|
B<7>           |ALU_out<21>    |   10.817|
B<7>           |ALU_out<22>    |   10.530|
B<7>           |ALU_out<23>    |   11.095|
B<7>           |ALU_out<24>    |   10.927|
B<7>           |ALU_out<25>    |   11.149|
B<7>           |ALU_out<26>    |   10.441|
B<7>           |ALU_out<27>    |   10.801|
B<7>           |ALU_out<28>    |   10.729|
B<7>           |ALU_out<29>    |   10.328|
B<7>           |ALU_out<30>    |   10.601|
B<7>           |ALU_out<31>    |   10.650|
B<7>           |zero           |   12.385|
B<8>           |ALU_out<8>     |    9.765|
B<8>           |ALU_out<9>     |    9.448|
B<8>           |ALU_out<10>    |    9.822|
B<8>           |ALU_out<11>    |    9.987|
B<8>           |ALU_out<12>    |   10.046|
B<8>           |ALU_out<13>    |   10.524|
B<8>           |ALU_out<14>    |   10.093|
B<8>           |ALU_out<15>    |   10.303|
B<8>           |ALU_out<16>    |   10.303|
B<8>           |ALU_out<17>    |    9.965|
B<8>           |ALU_out<18>    |    9.886|
B<8>           |ALU_out<19>    |   10.252|
B<8>           |ALU_out<20>    |   10.390|
B<8>           |ALU_out<21>    |   10.777|
B<8>           |ALU_out<22>    |   10.639|
B<8>           |ALU_out<23>    |   11.293|
B<8>           |ALU_out<24>    |   10.957|
B<8>           |ALU_out<25>    |   11.109|
B<8>           |ALU_out<26>    |   10.742|
B<8>           |ALU_out<27>    |   11.327|
B<8>           |ALU_out<28>    |   10.886|
B<8>           |ALU_out<29>    |   10.796|
B<8>           |ALU_out<30>    |   10.867|
B<8>           |ALU_out<31>    |   11.176|
B<8>           |zero           |   12.345|
B<9>           |ALU_out<9>     |    9.452|
B<9>           |ALU_out<10>    |    9.946|
B<9>           |ALU_out<11>    |    9.822|
B<9>           |ALU_out<12>    |   10.261|
B<9>           |ALU_out<13>    |   10.351|
B<9>           |ALU_out<14>    |   10.308|
B<9>           |ALU_out<15>    |   10.202|
B<9>           |ALU_out<16>    |   10.140|
B<9>           |ALU_out<17>    |   10.077|
B<9>           |ALU_out<18>    |    9.880|
B<9>           |ALU_out<19>    |   10.467|
B<9>           |ALU_out<20>    |   10.217|
B<9>           |ALU_out<21>    |   10.992|
B<9>           |ALU_out<22>    |   10.705|
B<9>           |ALU_out<23>    |   11.270|
B<9>           |ALU_out<24>    |   11.102|
B<9>           |ALU_out<25>    |   11.324|
B<9>           |ALU_out<26>    |   10.616|
B<9>           |ALU_out<27>    |   11.154|
B<9>           |ALU_out<28>    |   10.904|
B<9>           |ALU_out<29>    |   10.623|
B<9>           |ALU_out<30>    |   10.776|
B<9>           |ALU_out<31>    |   11.003|
B<9>           |zero           |   12.560|
B<10>          |ALU_out<10>    |    9.063|
B<10>          |ALU_out<11>    |    8.901|
B<10>          |ALU_out<12>    |    9.510|
B<10>          |ALU_out<13>    |    9.373|
B<10>          |ALU_out<14>    |    9.557|
B<10>          |ALU_out<15>    |    9.451|
B<10>          |ALU_out<16>    |    9.389|
B<10>          |ALU_out<17>    |    9.326|
B<10>          |ALU_out<18>    |    9.129|
B<10>          |ALU_out<19>    |    9.716|
B<10>          |ALU_out<20>    |    9.239|
B<10>          |ALU_out<21>    |   10.241|
B<10>          |ALU_out<22>    |    9.954|
B<10>          |ALU_out<23>    |   10.519|
B<10>          |ALU_out<24>    |   10.351|
B<10>          |ALU_out<25>    |   10.573|
B<10>          |ALU_out<26>    |    9.865|
B<10>          |ALU_out<27>    |   10.223|
B<10>          |ALU_out<28>    |   10.153|
B<10>          |ALU_out<29>    |    9.752|
B<10>          |ALU_out<30>    |   10.025|
B<10>          |ALU_out<31>    |   10.030|
B<10>          |zero           |   11.809|
B<11>          |ALU_out<11>    |    8.866|
B<11>          |ALU_out<12>    |    9.427|
B<11>          |ALU_out<13>    |    9.572|
B<11>          |ALU_out<14>    |    9.474|
B<11>          |ALU_out<15>    |    9.368|
B<11>          |ALU_out<16>    |    9.351|
B<11>          |ALU_out<17>    |    9.243|
B<11>          |ALU_out<18>    |    9.046|
B<11>          |ALU_out<19>    |    9.633|
B<11>          |ALU_out<20>    |    9.438|
B<11>          |ALU_out<21>    |   10.158|
B<11>          |ALU_out<22>    |    9.871|
B<11>          |ALU_out<23>    |   10.436|
B<11>          |ALU_out<24>    |   10.268|
B<11>          |ALU_out<25>    |   10.490|
B<11>          |ALU_out<26>    |    9.790|
B<11>          |ALU_out<27>    |   10.375|
B<11>          |ALU_out<28>    |   10.070|
B<11>          |ALU_out<29>    |    9.844|
B<11>          |ALU_out<30>    |    9.942|
B<11>          |ALU_out<31>    |   10.224|
B<11>          |zero           |   11.726|
B<12>          |ALU_out<12>    |    9.294|
B<12>          |ALU_out<13>    |    9.090|
B<12>          |ALU_out<14>    |    9.539|
B<12>          |ALU_out<15>    |    9.425|
B<12>          |ALU_out<16>    |    9.451|
B<12>          |ALU_out<17>    |    9.388|
B<12>          |ALU_out<18>    |    9.191|
B<12>          |ALU_out<19>    |    9.778|
B<12>          |ALU_out<20>    |    9.214|
B<12>          |ALU_out<21>    |   10.303|
B<12>          |ALU_out<22>    |   10.016|
B<12>          |ALU_out<23>    |   10.581|
B<12>          |ALU_out<24>    |   10.413|
B<12>          |ALU_out<25>    |   10.635|
B<12>          |ALU_out<26>    |    9.927|
B<12>          |ALU_out<27>    |   10.285|
B<12>          |ALU_out<28>    |   10.215|
B<12>          |ALU_out<29>    |    9.814|
B<12>          |ALU_out<30>    |   10.087|
B<12>          |ALU_out<31>    |   10.092|
B<12>          |zero           |   11.871|
B<13>          |ALU_out<13>    |    9.015|
B<13>          |ALU_out<14>    |    9.530|
B<13>          |ALU_out<15>    |    9.416|
B<13>          |ALU_out<16>    |    9.434|
B<13>          |ALU_out<17>    |    9.371|
B<13>          |ALU_out<18>    |    9.174|
B<13>          |ALU_out<19>    |    9.761|
B<13>          |ALU_out<20>    |    9.265|
B<13>          |ALU_out<21>    |   10.286|
B<13>          |ALU_out<22>    |    9.999|
B<13>          |ALU_out<23>    |   10.564|
B<13>          |ALU_out<24>    |   10.396|
B<13>          |ALU_out<25>    |   10.618|
B<13>          |ALU_out<26>    |    9.910|
B<13>          |ALU_out<27>    |   10.268|
B<13>          |ALU_out<28>    |   10.198|
B<13>          |ALU_out<29>    |    9.797|
B<13>          |ALU_out<30>    |   10.070|
B<13>          |ALU_out<31>    |   10.075|
B<13>          |zero           |   11.854|
B<14>          |ALU_out<14>    |    9.295|
B<14>          |ALU_out<15>    |    9.214|
B<14>          |ALU_out<16>    |    9.331|
B<14>          |ALU_out<17>    |    9.268|
B<14>          |ALU_out<18>    |    9.071|
B<14>          |ALU_out<19>    |    9.658|
B<14>          |ALU_out<20>    |    9.370|
B<14>          |ALU_out<21>    |   10.183|
B<14>          |ALU_out<22>    |    9.896|
B<14>          |ALU_out<23>    |   10.461|
B<14>          |ALU_out<24>    |   10.293|
B<14>          |ALU_out<25>    |   10.515|
B<14>          |ALU_out<26>    |    9.807|
B<14>          |ALU_out<27>    |   10.307|
B<14>          |ALU_out<28>    |   10.095|
B<14>          |ALU_out<29>    |    9.776|
B<14>          |ALU_out<30>    |    9.967|
B<14>          |ALU_out<31>    |   10.156|
B<14>          |zero           |   11.751|
B<15>          |ALU_out<15>    |    8.958|
B<15>          |ALU_out<16>    |    9.153|
B<15>          |ALU_out<17>    |    9.090|
B<15>          |ALU_out<18>    |    8.893|
B<15>          |ALU_out<19>    |    9.480|
B<15>          |ALU_out<20>    |    9.112|
B<15>          |ALU_out<21>    |   10.005|
B<15>          |ALU_out<22>    |    9.718|
B<15>          |ALU_out<23>    |   10.283|
B<15>          |ALU_out<24>    |   10.115|
B<15>          |ALU_out<25>    |   10.337|
B<15>          |ALU_out<26>    |    9.629|
B<15>          |ALU_out<27>    |   10.049|
B<15>          |ALU_out<28>    |    9.917|
B<15>          |ALU_out<29>    |    9.518|
B<15>          |ALU_out<30>    |    9.789|
B<15>          |ALU_out<31>    |    9.898|
B<15>          |zero           |   11.573|
B<16>          |ALU_out<16>    |    9.101|
B<16>          |ALU_out<17>    |    9.083|
B<16>          |ALU_out<18>    |    9.039|
B<16>          |ALU_out<19>    |    9.618|
B<16>          |ALU_out<20>    |    9.142|
B<16>          |ALU_out<21>    |   10.231|
B<16>          |ALU_out<22>    |    9.944|
B<16>          |ALU_out<23>    |   10.509|
B<16>          |ALU_out<24>    |   10.341|
B<16>          |ALU_out<25>    |   10.563|
B<16>          |ALU_out<26>    |    9.855|
B<16>          |ALU_out<27>    |   10.213|
B<16>          |ALU_out<28>    |   10.143|
B<16>          |ALU_out<29>    |    9.742|
B<16>          |ALU_out<30>    |   10.015|
B<16>          |ALU_out<31>    |   10.020|
B<16>          |zero           |   11.799|
B<17>          |ALU_out<17>    |    8.776|
B<17>          |ALU_out<18>    |    8.891|
B<17>          |ALU_out<19>    |    9.470|
B<17>          |ALU_out<20>    |    9.235|
B<17>          |ALU_out<21>    |   10.075|
B<17>          |ALU_out<22>    |    9.788|
B<17>          |ALU_out<23>    |   10.353|
B<17>          |ALU_out<24>    |   10.185|
B<17>          |ALU_out<25>    |   10.407|
B<17>          |ALU_out<26>    |    9.699|
B<17>          |ALU_out<27>    |   10.172|
B<17>          |ALU_out<28>    |    9.987|
B<17>          |ALU_out<29>    |    9.641|
B<17>          |ALU_out<30>    |    9.859|
B<17>          |ALU_out<31>    |   10.021|
B<17>          |zero           |   11.643|
B<18>          |ALU_out<18>    |    8.505|
B<18>          |ALU_out<19>    |    9.117|
B<18>          |ALU_out<20>    |    8.918|
B<18>          |ALU_out<21>    |    9.821|
B<18>          |ALU_out<22>    |    9.534|
B<18>          |ALU_out<23>    |   10.099|
B<18>          |ALU_out<24>    |    9.931|
B<18>          |ALU_out<25>    |   10.153|
B<18>          |ALU_out<26>    |    9.445|
B<18>          |ALU_out<27>    |    9.855|
B<18>          |ALU_out<28>    |    9.733|
B<18>          |ALU_out<29>    |    9.332|
B<18>          |ALU_out<30>    |    9.605|
B<18>          |ALU_out<31>    |    9.704|
B<18>          |zero           |   11.389|
B<19>          |ALU_out<19>    |    9.176|
B<19>          |ALU_out<20>    |    9.188|
B<19>          |ALU_out<21>    |    9.958|
B<19>          |ALU_out<22>    |    9.671|
B<19>          |ALU_out<23>    |   10.236|
B<19>          |ALU_out<24>    |   10.068|
B<19>          |ALU_out<25>    |   10.290|
B<19>          |ALU_out<26>    |    9.582|
B<19>          |ALU_out<27>    |   10.125|
B<19>          |ALU_out<28>    |    9.870|
B<19>          |ALU_out<29>    |    9.594|
B<19>          |ALU_out<30>    |    9.742|
B<19>          |ALU_out<31>    |    9.974|
B<19>          |zero           |   11.526|
B<20>          |ALU_out<20>    |    8.654|
B<20>          |ALU_out<21>    |    9.533|
B<20>          |ALU_out<22>    |    9.399|
B<20>          |ALU_out<23>    |    9.956|
B<20>          |ALU_out<24>    |    9.876|
B<20>          |ALU_out<25>    |   10.098|
B<20>          |ALU_out<26>    |    9.390|
B<20>          |ALU_out<27>    |    9.869|
B<20>          |ALU_out<28>    |    9.678|
B<20>          |ALU_out<29>    |    9.338|
B<20>          |ALU_out<30>    |    9.550|
B<20>          |ALU_out<31>    |    9.718|
B<20>          |zero           |   11.192|
B<21>          |ALU_out<21>    |    9.680|
B<21>          |ALU_out<22>    |    9.705|
B<21>          |ALU_out<23>    |   10.262|
B<21>          |ALU_out<24>    |   10.174|
B<21>          |ALU_out<25>    |   10.396|
B<21>          |ALU_out<26>    |    9.688|
B<21>          |ALU_out<27>    |   10.140|
B<21>          |ALU_out<28>    |    9.976|
B<21>          |ALU_out<29>    |    9.609|
B<21>          |ALU_out<30>    |    9.848|
B<21>          |ALU_out<31>    |    9.989|
B<21>          |zero           |   11.490|
B<22>          |ALU_out<22>    |    9.562|
B<22>          |ALU_out<23>    |   10.152|
B<22>          |ALU_out<24>    |   10.163|
B<22>          |ALU_out<25>    |   10.385|
B<22>          |ALU_out<26>    |    9.677|
B<22>          |ALU_out<27>    |   10.071|
B<22>          |ALU_out<28>    |    9.965|
B<22>          |ALU_out<29>    |    9.564|
B<22>          |ALU_out<30>    |    9.837|
B<22>          |ALU_out<31>    |    9.920|
B<22>          |zero           |   11.479|
B<23>          |ALU_out<23>    |   10.004|
B<23>          |ALU_out<24>    |   10.093|
B<23>          |ALU_out<25>    |   10.315|
B<23>          |ALU_out<26>    |    9.607|
B<23>          |ALU_out<27>    |   10.001|
B<23>          |ALU_out<28>    |    9.895|
B<23>          |ALU_out<29>    |    9.494|
B<23>          |ALU_out<30>    |    9.767|
B<23>          |ALU_out<31>    |    9.850|
B<23>          |zero           |   11.409|
B<24>          |ALU_out<24>    |   10.100|
B<24>          |ALU_out<25>    |   10.367|
B<24>          |ALU_out<26>    |    9.812|
B<24>          |ALU_out<27>    |   10.162|
B<24>          |ALU_out<28>    |   10.180|
B<24>          |ALU_out<29>    |    9.779|
B<24>          |ALU_out<30>    |   10.052|
B<24>          |ALU_out<31>    |   10.057|
B<24>          |zero           |   11.461|
B<25>          |ALU_out<25>    |   10.384|
B<25>          |ALU_out<26>    |    9.988|
B<25>          |ALU_out<27>    |   10.338|
B<25>          |ALU_out<28>    |   10.348|
B<25>          |ALU_out<29>    |    9.947|
B<25>          |ALU_out<30>    |   10.220|
B<25>          |ALU_out<31>    |   10.225|
B<25>          |zero           |   11.478|
B<26>          |ALU_out<26>    |    9.403|
B<26>          |ALU_out<27>    |    9.822|
B<26>          |ALU_out<28>    |    9.895|
B<26>          |ALU_out<29>    |    9.494|
B<26>          |ALU_out<30>    |    9.767|
B<26>          |ALU_out<31>    |    9.850|
B<26>          |zero           |   10.903|
B<27>          |ALU_out<27>    |    9.673|
B<27>          |ALU_out<28>    |    9.814|
B<27>          |ALU_out<29>    |    9.413|
B<27>          |ALU_out<30>    |    9.686|
B<27>          |ALU_out<31>    |    9.779|
B<27>          |zero           |   10.822|
B<28>          |ALU_out<28>    |    9.497|
B<28>          |ALU_out<29>    |    9.141|
B<28>          |ALU_out<30>    |    9.567|
B<28>          |ALU_out<31>    |    9.564|
B<28>          |zero           |   10.550|
B<29>          |ALU_out<29>    |    9.719|
B<29>          |ALU_out<30>    |   10.304|
B<29>          |ALU_out<31>    |   10.301|
B<29>          |zero           |   11.245|
B<30>          |ALU_out<30>    |    9.376|
B<30>          |ALU_out<31>    |    9.533|
B<30>          |zero           |   10.317|
B<31>          |ALU_out<31>    |    9.601|
B<31>          |zero           |   10.208|
---------------+---------------+---------+


Analysis completed Sun Jan  2 17:05:19 2022 
--------------------------------------------------------------------------------

Trace Settings:
-------------------------
Trace Settings 

Peak Memory Usage: 767 MB



